makeflop.bat
makehelp.bat
makeit.bat
makelib.bat
update.bat
backup.btm
art.c
art4.c
asmhead.c
bcdtest.c
calc.c
decca.c
deso25.c
disp.c
echotrac.c
falcon.c
filio.c
getpos.c
grid.c
header.c
hyperfix.c
init.c
keys.c
menu.c
microfix.c
navsim.c
nmea.c
nr53.c
polar.c
profile.c
pulse8.c
radarfix.c
serial2.c
stations.c
syledis.c
trimble.c
trispond.c
ucm40.c
util.c
utmcon.c
artemis.chn
henk.chn
henk2.chn
thames.chn
work.chn
navsim.def
navsim.doc
navsim.exe
utmcon.for
navsim.h
navsim.hlp
navsim.lnk
arjfiles.lst
navsim.mak
navsim.ndx
local___.prj
navsim.prj
uk_grid_.prj
utm_zo31.prj
airy-hot.sph
airy-mod.sph
airy-rgs.sph
andrea__.sph
apl_____.sph
austr-na.sph
bess1841.sph
bessnorg.sph
carte-fr.sph
cl1880fr.sph
cl1880mo.sph
clar1858.sph
clar1866.sph
clar1880.sph
danish-d.sph
delambre.sph
duplessi.sph
ev1830in.sph
ev1830ma.sph
ev1830ti.sph
ev1895mo.sph
ev1967__.sph
fischr-i.sph
fischrii.sph
flat____.sph
hayf1906.sph
hayf1924.sph
heis1926.sph
helm1907.sph
hotine__.sph
houg1956.sph
internat.sph
intr1980.sph
jeff1948.sph
kaul1964.sph
kras1936.sph
kras1940.sph
lede1951.sph
nwl-8d__.sph
nwl-9d__.sph
nwl-10d_.sph
prat1863.sph
refe1967.sph
sao-c5__.sph
sao-c6__.sph
sao-c7__.sph
saoseiii.sph
struve__.sph
veis1964.sph
walb1819.sph
wd-sph__.sph
wgs72sph.sph
wgs84sph.sph
artemis.sys
decca.sys
harlinge.sys
henk.sys
hyperfix.sys
mitra.sys
nr53.sys
work.sys
